<html>
<body>
<pre>
<h1>µVision Build Log</h1>
<h2>Tool Versions:</h2>
IDE-Version: ¦ÌVision V5.24.2.0
Copyright (C) 2017 ARM Ltd and ARM Germany GmbH. All rights reserved.
License Information: lai Administrator, SCUT, LIC=47GU5-G2Y6D-BSXYX-HC1XU-36TJ6-GAQQU
 
Tool Versions:
Toolchain:       MDK-ARM Plus  Version: 5.24.1
Toolchain Path:  D:\Keil_v5\ARM\ARMCC\Bin
C Compiler:      Armcc.exe V5.06 update 5 (build 528)
Assembler:       Armasm.exe V5.06 update 5 (build 528)
Linker/Locator:  ArmLink.exe V5.06 update 5 (build 528)
Library Manager: ArmAr.exe V5.06 update 5 (build 528)
Hex Converter:   FromElf.exe V5.06 update 5 (build 528)
CPU DLL:         SARMCM3.DLL V5.24.1
Dialog DLL:      DCM.DLL V1.16.0.0
Target DLL:      STLink\ST-LINKIII-KEIL_SWO.dll V3.0.1.0
Dialog DLL:      TCM.DLL V1.32.0.0
 
<h2>Project:</h2>
D:\Keil_v5\Projects\»ùÓÚstm32µÄºìÍâ¼ÆÊ±Æ÷\ÆðµãÄ£¿é\Project.uvprojx
Project File Date:  03/08/2026

<h2>Output:</h2>
*** Using Compiler 'V5.06 update 5 (build 528)', folder: 'D:\Keil_v5\ARM\ARMCC\Bin'
Build target 'Target 1'
assembling startup_stm32f10x_md.s...
compiling misc.c...
compiling core_cm3.c...
compiling stm32f10x_dac.c...
compiling stm32f10x_dbgmcu.c...
compiling stm32f10x_bkp.c...
compiling stm32f10x_cec.c...
compiling system_stm32f10x.c...
compiling stm32f10x_crc.c...
compiling stm32f10x_can.c...
compiling stm32f10x_adc.c...
compiling stm32f10x_dma.c...
compiling stm32f10x_exti.c...
compiling stm32f10x_flash.c...
compiling stm32f10x_fsmc.c...
compiling stm32f10x_gpio.c...
compiling stm32f10x_iwdg.c...
compiling stm32f10x_i2c.c...
compiling stm32f10x_pwr.c...
compiling stm32f10x_rtc.c...
compiling stm32f10x_rcc.c...
compiling stm32f10x_sdio.c...
compiling stm32f10x_spi.c...
compiling stm32f10x_tim.c...
compiling stm32f10x_usart.c...
compiling stm32f10x_wwdg.c...
compiling Delay.c...
compiling Timer.c...
System\Timer.c(109): warning:  #1-D: last line of file ends without a newline
  }
System\Timer.c(5): warning:  #550-D: variable "Timer_Is_Running"  was set but never used
  static uint8_t  Timer_Is_Running = 0; // è¿è¡Œæ ‡å¿—ä½?
System\Timer.c: 2 warnings, 0 errors
compiling LED.c...
compiling Key.c...
Hardware\Key.c(104): warning:  #1-D: last line of file ends without a newline
  }
Hardware\Key.c: 1 warning, 0 errors
compiling Buzzer.c...
compiling LightSensor.c...
compiling main_all.c...
compiling NRF24L01.c...
compiling seg_display.c...
Hardware\seg_display.c(133): warning:  #177-D: variable "dp_bit"  was declared but never referenced
      uint8_t dp_bit = 0;            // å°æ•°ç‚¹è¦æ˜¾ç¤ºçš„ä½ç½®ï¼ˆ1-4ï¼?
Hardware\seg_display.c(244): warning:  #186-D: pointless comparison of unsigned integer with zero
  	if (Seconds >= 0 && Seconds < 10){
Hardware\seg_display.c(19): warning:  #177-D: variable "timer_state"  was declared but never referenced
  static Timer_State timer_state = TIMER_STOP; // è®¡æ—¶çŠ¶æ€?
Hardware\seg_display.c(20): warning:  #177-D: variable "timer_ms"  was declared but never referenced
  static uint64_t timer_ms = 0;                // ç´¯è®¡è®¡æ—¶æ¯«ç§’æ•°ï¼ˆ0 ~ 9999ms â†? å¯¹åº”00.00~99.99ç§’ï¼‰
Hardware\seg_display.c: 4 warnings, 0 errors
compiling test.c...
compiling Max7219_display.c...
Hardware\Max7219_display.c(383): warning:  #223-D: function "abs" declared implicitly
              uint8_t frame_idx = abs(pos) % 2;
Hardware\Max7219_display.c(401): warning:  #223-D: function "abs" declared implicitly
              uint8_t frame_idx = abs(pos) % 2;
Hardware\Max7219_display.c(469): warning:  #223-D: function "abs" declared implicitly
              uint8_t frame_idx = abs(pos) % FPS_all_move;
Hardware\Max7219_display.c(447): warning:  #177-D: variable "run_left"  was declared but never referenced
      const uint8_t run_left[9][8] = {
Hardware\Max7219_display.c: 4 warnings, 0 errors
compiling main.c...
compiling stm32f10x_it.c...
compiling main_logic.c...
linking...
Program Size: Code=6348 RO-data=672 RW-data=56 ZI-data=1664  
".\Objects\Project.axf" - 0 Error(s), 11 Warning(s).

<h2>Software Packages used:</h2>

Package Vendor: Keil
                http://www.keil.com/pack/Keil.STM32F1xx_DFP.2.2.0.pack
                Keil.STM32F1xx_DFP.2.2.0
                STMicroelectronics STM32F1 Series Device Support, Drivers and Examples

<h2>Collection of Component include folders:</h2>
  .\RTE\_Target_1
  D:\Keil_v5\ARM\PACK\Keil\STM32F1xx_DFP\2.2.0\Device\Include

<h2>Collection of Component Files used:</h2>
Build Time Elapsed:  00:00:02
</pre>
</body>
</html>
